// Jest Snapshot v1, https://goo.gl/fbAQLP

exports[`ProfilePage header snapshots and tooltip renders header without stats gracefully 1`] = `
<div
  class="max-w-4xl mx-auto px-4 sm:px-6 lg:px-8 py-12 text-center"
>
  <h1
    class="text-2xl font-bold text-foreground mb-4"
  >
    User Not Found
  </h1>
  <p
    class="text-muted-foreground"
  >
    The requested user profile could not be found.
  </p>
</div>
`;
